#! /foss/tools/iverilog/bin/vvp
:ivl_version "13.0 (devel)" "(s20250103-26-gb0c57ab1-dirty)";
:ivl_delay_selection "TYPICAL";
:vpi_time_precision - 12;
:vpi_module "/foss/tools/iverilog/lib/ivl/system.vpi";
:vpi_module "/foss/tools/iverilog/lib/ivl/vhdl_sys.vpi";
:vpi_module "/foss/tools/iverilog/lib/ivl/vhdl_textio.vpi";
:vpi_module "/foss/tools/iverilog/lib/ivl/v2005_math.vpi";
:vpi_module "/foss/tools/iverilog/lib/ivl/va_math.vpi";
:vpi_module "/foss/tools/iverilog/lib/ivl/v2009.vpi";
S_0xaaaae8f174c0 .scope package, "$unit" "$unit" 2 1;
 .timescale 0 0;
S_0xaaaae8f17650 .scope module, "kvcompressor_core_tb" "kvcompressor_core_tb" 3 3;
 .timescale -9 -12;
P_0xaaaae8f97e90 .param/l "CLK_PERIOD" 1 3 8, +C4<00000000000000000000000000001010>;
P_0xaaaae8f97ed0 .param/l "MEM_WORDS" 1 3 9, +C4<00000000000000000000000100000000>;
v0xaaaae8fbbb90_0 .var "auto_scale_i", 0 0;
v0xaaaae8fbbc50_0 .net "busy_o", 0 0, v0xaaaae8fb7a50_0;  1 drivers
v0xaaaae8fbbcf0_0 .var "clk", 0 0;
v0xaaaae8fbbdf0_0 .var/2s "cycle_count", 31 0;
v0xaaaae8fbbe90_0 .net "done_o", 0 0, v0xaaaae8fb7be0_0;  1 drivers
v0xaaaae8fbbf80_0 .var "dst_addr_i", 31 0;
v0xaaaae8fbc050_0 .var/2s "error_count", 31 0;
v0xaaaae8fbc0f0_0 .var "gold_exp_word", 31 0;
v0xaaaae8fbc1b0_0 .var/s "gold_q0", 7 0;
v0xaaaae8fbc290_0 .var/s "gold_q1", 7 0;
v0xaaaae8fbc370_0 .var/s "gold_x0", 15 0;
v0xaaaae8fbc450_0 .var/s "gold_x1", 15 0;
v0xaaaae8fbc530_0 .var "int_en_i", 0 0;
v0xaaaae8fbc600_0 .net "irq_o", 0 0, v0xaaaae8fb8210_0;  1 drivers
v0xaaaae8fbc6d0_0 .var "length_i", 31 0;
v0xaaaae8fbc7a0_0 .var/2s "local_timeout", 31 0;
v0xaaaae8fbc840 .array "mem", 255 0, 31 0;
v0xaaaae8fbc900_0 .net "mem_addr_o", 31 0, v0xaaaae8fb8570_0;  1 drivers
v0xaaaae8fbc9f0_0 .net "mem_be_o", 3 0, v0xaaaae8fb8650_0;  1 drivers
L_0xffffb31f7018 .functor BUFT 1, C4<0>, C4<0>, C4<0>, C4<0>;
v0xaaaae8fbcac0_0 .net "mem_err_i", 0 0, L_0xffffb31f7018;  1 drivers
v0xaaaae8fbcb90_0 .var "mem_gnt_i", 0 0;
v0xaaaae8fbcc60_0 .var "mem_rdata_i", 31 0;
v0xaaaae8fbcd30_0 .var/2s "mem_read_reqs", 31 0;
v0xaaaae8fbcdd0_0 .var/2s "mem_refills", 31 0;
v0xaaaae8fbce90_0 .net "mem_req_o", 0 0, v0xaaaae8fb8990_0;  1 drivers
v0xaaaae8fbcf60_0 .var "mem_rvalid_i", 0 0;
v0xaaaae8fbd030_0 .net "mem_wdata_o", 31 0, v0xaaaae8fb8b10_0;  1 drivers
v0xaaaae8fbd100_0 .net "mem_we_o", 0 0, v0xaaaae8fb8bf0_0;  1 drivers
v0xaaaae8fbd1d0_0 .var/2s "mem_write_reqs", 31 0;
v0xaaaae8fbd270_0 .var/real "pass_rate", 0 0;
v0xaaaae8fbd310_0 .var "pending_addr", 31 0;
v0xaaaae8fbd3f0_0 .var "pending_read", 0 0;
v0xaaaae8fbd4b0_0 .var "rst_ni", 0 0;
v0xaaaae8fbd790_0 .var "scale_i", 31 0;
v0xaaaae8fbd860_0 .var "src_addr_i", 31 0;
v0xaaaae8fbd930_0 .var "start_i", 0 0;
v0xaaaae8fbda00_0 .var/2s "test_count", 31 0;
v0xaaaae8fbdaa0_0 .var "zp_i", 31 0;
E_0xaaaae8efcc60 .event posedge, v0xaaaae8fb7b10_0;
S_0xaaaae8ebf4e0 .scope autotask, "do_reset" "do_reset" 3 22, 3 22 0, S_0xaaaae8f17650;
 .timescale -9 -12;
TD_kvcompressor_core_tb.do_reset ;
    %pushi/vec4 0, 0, 1;
    %store/vec4 v0xaaaae8fbd4b0_0, 0, 1;
    %pushi/vec4 5, 0, 32;
T_0.0 %dup/vec4;
    %cmpi/s 0, 0, 32;
    %jmp/1xz T_0.1, 5;
    %jmp/1 T_0.1, 4;
    %subi 1, 0, 32;
    %wait E_0xaaaae8efcc60;
    %jmp T_0.0;
T_0.1 ;
    %pop/vec4 1;
    %pushi/vec4 1, 0, 1;
    %store/vec4 v0xaaaae8fbd4b0_0, 0, 1;
    %wait E_0xaaaae8efcc60;
    %end;
S_0xaaaae8ebf6c0 .scope autotask, "dump_memory_region" "dump_memory_region" 3 255, 3 255 0, S_0xaaaae8f17650;
 .timescale -9 -12;
v0xaaaae8f75ea0_0 .var "base_addr", 31 0;
v0xaaaae8f76670_0 .var/2s "i", 31 0;
v0xaaaae8f76e50_0 .var/2s "words", 31 0;
TD_kvcompressor_core_tb.dump_memory_region ;
    %vpi_call/w 3 258 "$display", "---- Memory dump from 0x%08h (%0d words) ----", v0xaaaae8f75ea0_0, v0xaaaae8f76e50_0 {0 0 0};
    %pushi/vec4 0, 0, 32;
    %store/vec4 v0xaaaae8f76670_0, 0, 32;
T_1.2 ; Top of for-loop
    %load/vec4 v0xaaaae8f76670_0;
    %load/vec4 v0xaaaae8f76e50_0;
    %cmp/s;
	  %jmp/0xz T_1.3, 5;
    %load/vec4 v0xaaaae8f75ea0_0;
    %load/vec4 v0xaaaae8f76670_0;
    %muli 4, 0, 32;
    %add;
    %load/vec4 v0xaaaae8f75ea0_0;
    %parti/s 10, 2, 3;
    %pad/u 32;
    %load/vec4 v0xaaaae8f76670_0;
    %add;
    %ix/vec4 4;
    %load/vec4a v0xaaaae8fbc840, 4;
    %vpi_call/w 3 260 "$display", "  [0x%08h] = 0x%08h", S<1,vec4,u32>, S<0,vec4,u32> {2 0 0};
T_1.4 ; for-loop step statement
    ; show_stmt_assign_vector: Get l-value for compressed += operand
    %load/vec4 v0xaaaae8f76670_0;
    %pushi/vec4 1, 0, 32;
    %add;
    %cast2;
    %store/vec4 v0xaaaae8f76670_0, 0, 32;
    %jmp T_1.2;
T_1.3 ; for-loop exit label
    %vpi_call/w 3 264 "$display", "------------------------------------------------" {0 0 0};
    %end;
S_0xaaaae8fb6ed0 .scope module, "dut" "kvcompressor_core" 3 65, 4 7 0, S_0xaaaae8f17650;
 .timescale 0 0;
    .port_info 0 /INPUT 1 "clk_i";
    .port_info 1 /INPUT 1 "rst_ni";
    .port_info 2 /INPUT 1 "start_i";
    .port_info 3 /INPUT 32 "scale_i";
    .port_info 4 /INPUT 32 "zp_i";
    .port_info 5 /INPUT 1 "auto_scale_i";
    .port_info 6 /INPUT 32 "src_addr_i";
    .port_info 7 /INPUT 32 "dst_addr_i";
    .port_info 8 /INPUT 32 "length_i";
    .port_info 9 /OUTPUT 1 "busy_o";
    .port_info 10 /OUTPUT 1 "done_o";
    .port_info 11 /OUTPUT 1 "irq_o";
    .port_info 12 /INPUT 1 "int_en_i";
    .port_info 13 /OUTPUT 1 "mem_req_o";
    .port_info 14 /INPUT 1 "mem_gnt_i";
    .port_info 15 /OUTPUT 32 "mem_addr_o";
    .port_info 16 /OUTPUT 1 "mem_we_o";
    .port_info 17 /OUTPUT 4 "mem_be_o";
    .port_info 18 /OUTPUT 32 "mem_wdata_o";
    .port_info 19 /INPUT 1 "mem_rvalid_i";
    .port_info 20 /INPUT 32 "mem_rdata_i";
    .port_info 21 /INPUT 1 "mem_err_i";
P_0xaaaae8fb70b0 .param/l "VECTOR_MAX_LEN" 0 4 8, +C4<00000000000000000000001000000000>;
enum0xaaaae8ee7610 .enum4 (4)
   "IDLE" 4'b0000,
   "LOAD_SCALE" 4'b0001,
   "READ_REQ" 4'b0010,
   "READ_WAIT" 4'b0011,
   "CALC_SCALE" 4'b0100,
   "PROCESS" 4'b0101,
   "WRITE_REQ" 4'b0110,
   "WRITE_WAIT" 4'b0111,
   "FINISH" 4'b1000
 ;
v0xaaaae8f90e90_0 .net "auto_scale_i", 0 0, v0xaaaae8fbbb90_0;  1 drivers
v0xaaaae8fb7a50_0 .var "busy_o", 0 0;
v0xaaaae8fb7b10_0 .net "clk_i", 0 0, v0xaaaae8fbbcf0_0;  1 drivers
v0xaaaae8fb7be0_0 .var "done_o", 0 0;
v0xaaaae8fb7ca0_0 .net "dst_addr_i", 31 0, v0xaaaae8fbbf80_0;  1 drivers
v0xaaaae8fb7dd0_0 .var "dst_offset_d", 31 0;
v0xaaaae8fb7eb0_0 .var "dst_offset_q", 31 0;
v0xaaaae8fb7f90_0 .var "element_count_d", 31 0;
v0xaaaae8fb8070_0 .var "element_count_q", 31 0;
v0xaaaae8fb8150_0 .net "int_en_i", 0 0, v0xaaaae8fbc530_0;  1 drivers
v0xaaaae8fb8210_0 .var "irq_o", 0 0;
v0xaaaae8fb82d0_0 .net "length_i", 31 0, v0xaaaae8fbc6d0_0;  1 drivers
v0xaaaae8fb83b0_0 .var/s "max_d", 15 0;
v0xaaaae8fb8490_0 .var/s "max_q", 15 0;
v0xaaaae8fb8570_0 .var "mem_addr_o", 31 0;
v0xaaaae8fb8650_0 .var "mem_be_o", 3 0;
v0xaaaae8fb8730_0 .net "mem_err_i", 0 0, L_0xffffb31f7018;  alias, 1 drivers
v0xaaaae8fb87f0_0 .net "mem_gnt_i", 0 0, v0xaaaae8fbcb90_0;  1 drivers
v0xaaaae8fb88b0_0 .net "mem_rdata_i", 31 0, v0xaaaae8fbcc60_0;  1 drivers
v0xaaaae8fb8990_0 .var "mem_req_o", 0 0;
v0xaaaae8fb8a50_0 .net "mem_rvalid_i", 0 0, v0xaaaae8fbcf60_0;  1 drivers
v0xaaaae8fb8b10_0 .var "mem_wdata_o", 31 0;
v0xaaaae8fb8bf0_0 .var "mem_we_o", 0 0;
v0xaaaae8fb8cb0_0 .var/s "min_d", 15 0;
v0xaaaae8fb8d90_0 .var/s "min_q", 15 0;
v0xaaaae8fb8e70_0 .var "packer_count_d", 1 0;
v0xaaaae8fb8f50_0 .var "packer_count_q", 1 0;
v0xaaaae8fb9030_0 .var "packer_d", 31 0;
v0xaaaae8fb9110_0 .net "packer_low16", 15 0, L_0xaaaae8fbdd00;  1 drivers
v0xaaaae8fb91f0_0 .var "packer_q", 31 0;
v0xaaaae8fb92d0_0 .net "rst_ni", 0 0, v0xaaaae8fbd4b0_0;  1 drivers
v0xaaaae8fb9390_0 .var "scale_d", 31 0;
v0xaaaae8fb9470_0 .net "scale_i", 31 0, v0xaaaae8fbd790_0;  1 drivers
v0xaaaae8fb9550_0 .var "scale_q", 31 0;
v0xaaaae8fb9630_0 .net "src_addr_i", 31 0, v0xaaaae8fbd860_0;  1 drivers
v0xaaaae8fb9710_0 .var "src_offset_d", 31 0;
v0xaaaae8fb97f0_0 .var "src_offset_q", 31 0;
v0xaaaae8fb98d0_0 .net "start_i", 0 0, v0xaaaae8fbd930_0;  1 drivers
v0xaaaae8fb9990_0 .var "state_d", 3 0;
v0xaaaae8fb9a70_0 .var "state_q", 3 0;
v0xaaaae8fb9b50_0 .var/s "x0", 15 0;
v0xaaaae8fb9c30_0 .net/s "x0_from_mem", 15 0, L_0xaaaae8fbdb90;  1 drivers
v0xaaaae8fb9d10_0 .var/s "x1", 15 0;
v0xaaaae8fb9df0_0 .net/s "x1_from_mem", 15 0, L_0xaaaae8fbdc60;  1 drivers
v0xaaaae8fb9ed0_0 .var "zp_d", 31 0;
v0xaaaae8fb9fb0_0 .net "zp_i", 31 0, v0xaaaae8fbdaa0_0;  1 drivers
v0xaaaae8fba090_0 .var "zp_q", 31 0;
E_0xaaaae8efcba0/0 .event negedge, v0xaaaae8fb92d0_0;
E_0xaaaae8efcba0/1 .event posedge, v0xaaaae8fb7b10_0;
E_0xaaaae8efcba0 .event/or E_0xaaaae8efcba0/0, E_0xaaaae8efcba0/1;
E_0xaaaae8efcac0/0 .event anyedge, v0xaaaae8fb91f0_0, v0xaaaae8fb9a70_0, v0xaaaae8fb8070_0, v0xaaaae8fb97f0_0;
E_0xaaaae8efcac0/1 .event anyedge, v0xaaaae8fb7eb0_0, v0xaaaae8fb8d90_0, v0xaaaae8fb8490_0, v0xaaaae8fb9550_0;
E_0xaaaae8efcac0/2 .event anyedge, v0xaaaae8fba090_0, v0xaaaae8fb8f50_0, v0xaaaae8fb98d0_0, v0xaaaae8fb82d0_0;
E_0xaaaae8efcac0/3 .event anyedge, v0xaaaae8f90e90_0, v0xaaaae8fb9470_0, v0xaaaae8fb9fb0_0, v0xaaaae8fb9630_0;
E_0xaaaae8efcac0/4 .event anyedge, v0xaaaae8fb87f0_0, v0xaaaae8fb8a50_0, v0xaaaae8fb9c30_0, v0xaaaae8fb9df0_0;
E_0xaaaae8efcac0/5 .event anyedge, v0xaaaae8fb9110_0, v0xaaaae8fb7ca0_0, v0xaaaae8fb8730_0, v0xaaaae8fb8150_0;
E_0xaaaae8efcac0 .event/or E_0xaaaae8efcac0/0, E_0xaaaae8efcac0/1, E_0xaaaae8efcac0/2, E_0xaaaae8efcac0/3, E_0xaaaae8efcac0/4, E_0xaaaae8efcac0/5;
L_0xaaaae8fbdb90 .part v0xaaaae8fbcc60_0, 0, 16;
L_0xaaaae8fbdc60 .part v0xaaaae8fbcc60_0, 16, 16;
L_0xaaaae8fbdd00 .part v0xaaaae8fb91f0_0, 0, 16;
S_0xaaaae8fb7530 .scope begin, "$unm_blk_14" "$unm_blk_14" 4 225, 4 225 0, S_0xaaaae8fb6ed0;
 .timescale 0 0;
v0xaaaae8ef5d40_0 .var/s "absmax", 15 0;
S_0xaaaae8fb7790 .scope begin, "$unm_blk_15" "$unm_blk_15" 4 242, 4 242 0, S_0xaaaae8fb6ed0;
 .timescale 0 0;
v0xaaaae8ef60b0_0 .var/s "q0", 7 0;
v0xaaaae8f90df0_0 .var/s "q1", 7 0;
S_0xaaaae8fba430 .scope autotask, "init_memory" "init_memory" 3 147, 3 147 0, S_0xaaaae8f17650;
 .timescale -9 -12;
v0xaaaae8fba5c0_0 .var/2s "i", 31 0;
v0xaaaae8fba6c0_0 .var/2s "test_id", 31 0;
TD_kvcompressor_core_tb.init_memory ;
    %pushi/vec4 0, 0, 32;
    %store/vec4 v0xaaaae8fba5c0_0, 0, 32;
T_2.5 ; Top of for-loop
    %load/vec4 v0xaaaae8fba5c0_0;
    %cmpi/s 256, 0, 32;
	  %jmp/0xz T_2.6, 5;
    %pushi/vec4 0, 0, 32;
    %ix/getv/s 4, v0xaaaae8fba5c0_0;
    %store/vec4a v0xaaaae8fbc840, 4, 0;
T_2.7 ; for-loop step statement
    ; show_stmt_assign_vector: Get l-value for compressed += operand
    %load/vec4 v0xaaaae8fba5c0_0;
    %pushi/vec4 1, 0, 32;
    %add;
    %cast2;
    %store/vec4 v0xaaaae8fba5c0_0, 0, 32;
    %jmp T_2.5;
T_2.6 ; for-loop exit label
    %load/vec4 v0xaaaae8fba6c0_0;
    %dup/vec4;
    %pushi/vec4 0, 0, 32;
    %cmp/u;
    %jmp/1 T_2.8, 6;
    %dup/vec4;
    %pushi/vec4 1, 0, 32;
    %cmp/u;
    %jmp/1 T_2.9, 6;
    %dup/vec4;
    %pushi/vec4 2, 0, 32;
    %cmp/u;
    %jmp/1 T_2.10, 6;
    %dup/vec4;
    %pushi/vec4 3, 0, 32;
    %cmp/u;
    %jmp/1 T_2.11, 6;
    %dup/vec4;
    %pushi/vec4 4, 0, 32;
    %cmp/u;
    %jmp/1 T_2.12, 6;
    %dup/vec4;
    %pushi/vec4 5, 0, 32;
    %cmp/u;
    %jmp/1 T_2.13, 6;
    %dup/vec4;
    %pushi/vec4 6, 0, 32;
    %cmp/u;
    %jmp/1 T_2.14, 6;
    %dup/vec4;
    %pushi/vec4 7, 0, 32;
    %cmp/u;
    %jmp/1 T_2.15, 6;
    %dup/vec4;
    %pushi/vec4 8, 0, 32;
    %cmp/u;
    %jmp/1 T_2.16, 6;
    %dup/vec4;
    %pushi/vec4 9, 0, 32;
    %cmp/u;
    %jmp/1 T_2.17, 6;
    %dup/vec4;
    %pushi/vec4 10, 0, 32;
    %cmp/u;
    %jmp/1 T_2.18, 6;
    %dup/vec4;
    %pushi/vec4 11, 0, 32;
    %cmp/u;
    %jmp/1 T_2.19, 6;
    %pushi/vec4 4293656586, 0, 32;
    %ix/load 4, 0, 0;
    %flag_set/imm 4, 0;
    %store/vec4a v0xaaaae8fbc840, 4, 0;
    %pushi/vec4 4291035186, 0, 32;
    %ix/load 4, 1, 0;
    %flag_set/imm 4, 0;
    %store/vec4a v0xaaaae8fbc840, 4, 0;
    %jmp T_2.21;
T_2.8 ;
    %pushi/vec4 4293656586, 0, 32;
    %ix/load 4, 0, 0;
    %flag_set/imm 4, 0;
    %store/vec4a v0xaaaae8fbc840, 4, 0;
    %pushi/vec4 4291035186, 0, 32;
    %ix/load 4, 1, 0;
    %flag_set/imm 4, 0;
    %store/vec4a v0xaaaae8fbc840, 4, 0;
    %jmp T_2.21;
T_2.9 ;
    %pushi/vec4 131073, 0, 32;
    %ix/load 4, 0, 0;
    %flag_set/imm 4, 0;
    %store/vec4a v0xaaaae8fbc840, 4, 0;
    %jmp T_2.21;
T_2.10 ;
    %pushi/vec4 2147516415, 0, 32;
    %ix/load 4, 0, 0;
    %flag_set/imm 4, 0;
    %store/vec4a v0xaaaae8fbc840, 4, 0;
    %pushi/vec4 3221241856, 0, 32;
    %ix/load 4, 1, 0;
    %flag_set/imm 4, 0;
    %store/vec4a v0xaaaae8fbc840, 4, 0;
    %jmp T_2.21;
T_2.11 ;
    %pushi/vec4 0, 0, 32;
    %ix/load 4, 0, 0;
    %flag_set/imm 4, 0;
    %store/vec4a v0xaaaae8fbc840, 4, 0;
    %pushi/vec4 0, 0, 32;
    %ix/load 4, 1, 0;
    %flag_set/imm 4, 0;
    %store/vec4a v0xaaaae8fbc840, 4, 0;
    %jmp T_2.21;
T_2.12 ;
    %pushi/vec4 1310730, 0, 32;
    %ix/load 4, 0, 0;
    %flag_set/imm 4, 0;
    %store/vec4a v0xaaaae8fbc840, 4, 0;
    %pushi/vec4 2621470, 0, 32;
    %ix/load 4, 1, 0;
    %flag_set/imm 4, 0;
    %store/vec4a v0xaaaae8fbc840, 4, 0;
    %jmp T_2.21;
T_2.13 ;
    %pushi/vec4 4293722102, 0, 32;
    %ix/load 4, 0, 0;
    %flag_set/imm 4, 0;
    %store/vec4a v0xaaaae8fbc840, 4, 0;
    %pushi/vec4 4292411362, 0, 32;
    %ix/load 4, 1, 0;
    %flag_set/imm 4, 0;
    %store/vec4a v0xaaaae8fbc840, 4, 0;
    %jmp T_2.21;
T_2.14 ;
    %pushi/vec4 4286578815, 0, 32;
    %ix/load 4, 0, 0;
    %flag_set/imm 4, 0;
    %store/vec4a v0xaaaae8fbc840, 4, 0;
    %pushi/vec4 4290773056, 0, 32;
    %ix/load 4, 1, 0;
    %flag_set/imm 4, 0;
    %store/vec4a v0xaaaae8fbc840, 4, 0;
    %jmp T_2.21;
T_2.15 ;
    %pushi/vec4 131073, 0, 32;
    %ix/load 4, 0, 0;
    %flag_set/imm 4, 0;
    %store/vec4a v0xaaaae8fbc840, 4, 0;
    %pushi/vec4 262147, 0, 32;
    %ix/load 4, 1, 0;
    %flag_set/imm 4, 0;
    %store/vec4a v0xaaaae8fbc840, 4, 0;
    %pushi/vec4 393221, 0, 32;
    %ix/load 4, 2, 0;
    %flag_set/imm 4, 0;
    %store/vec4a v0xaaaae8fbc840, 4, 0;
    %pushi/vec4 524295, 0, 32;
    %ix/load 4, 3, 0;
    %flag_set/imm 4, 0;
    %store/vec4a v0xaaaae8fbc840, 4, 0;
    %jmp T_2.21;
T_2.16 ;
    %pushi/vec4 4294311946, 0, 32;
    %ix/load 4, 0, 0;
    %flag_set/imm 4, 0;
    %store/vec4a v0xaaaae8fbc840, 4, 0;
    %pushi/vec4 4293656596, 0, 32;
    %ix/load 4, 1, 0;
    %flag_set/imm 4, 0;
    %store/vec4a v0xaaaae8fbc840, 4, 0;
    %pushi/vec4 4293001246, 0, 32;
    %ix/load 4, 2, 0;
    %flag_set/imm 4, 0;
    %store/vec4a v0xaaaae8fbc840, 4, 0;
    %pushi/vec4 4292345896, 0, 32;
    %ix/load 4, 3, 0;
    %flag_set/imm 4, 0;
    %store/vec4a v0xaaaae8fbc840, 4, 0;
    %jmp T_2.21;
T_2.17 ;
    %pushi/vec4 4294180869, 0, 32;
    %ix/load 4, 0, 0;
    %flag_set/imm 4, 0;
    %store/vec4a v0xaaaae8fbc840, 4, 0;
    %pushi/vec4 4292018209, 0, 32;
    %ix/load 4, 1, 0;
    %flag_set/imm 4, 0;
    %store/vec4a v0xaaaae8fbc840, 4, 0;
    %pushi/vec4 4288413795, 0, 32;
    %ix/load 4, 2, 0;
    %flag_set/imm 4, 0;
    %store/vec4a v0xaaaae8fbc840, 4, 0;
    %pushi/vec4 4294770695, 0, 32;
    %ix/load 4, 3, 0;
    %flag_set/imm 4, 0;
    %store/vec4a v0xaaaae8fbc840, 4, 0;
    %jmp T_2.21;
T_2.18 ;
    %pushi/vec4 2147516415, 0, 32;
    %ix/load 4, 0, 0;
    %flag_set/imm 4, 0;
    %store/vec4a v0xaaaae8fbc840, 4, 0;
    %pushi/vec4 3221241856, 0, 32;
    %ix/load 4, 1, 0;
    %flag_set/imm 4, 0;
    %store/vec4a v0xaaaae8fbc840, 4, 0;
    %jmp T_2.21;
T_2.19 ;
    %pushi/vec4 4293328946, 0, 32;
    %ix/load 4, 0, 0;
    %flag_set/imm 4, 0;
    %store/vec4a v0xaaaae8fbc840, 4, 0;
    %pushi/vec4 4291035211, 0, 32;
    %ix/load 4, 1, 0;
    %flag_set/imm 4, 0;
    %store/vec4a v0xaaaae8fbc840, 4, 0;
    %jmp T_2.21;
T_2.21 ;
    %pop/vec4 1;
    %end;
S_0xaaaae8fba7a0 .scope autofunction.vec4.u8, "quantize_int16_to_int8" "quantize_int16_to_int8" 3 268, 3 268 0, S_0xaaaae8f17650;
 .timescale -9 -12;
v0xaaaae8fba9d0_0 .var/s "q", 7 0;
; Variable quantize_int16_to_int8 is vec4 return value of scope S_0xaaaae8fba7a0
v0xaaaae8fbabb0_0 .var "scale", 31 0;
v0xaaaae8fbac70_0 .var/s "tmp32", 31 0;
v0xaaaae8fbad50_0 .var/s "x", 15 0;
v0xaaaae8fbae80_0 .var "zp", 31 0;
TD_kvcompressor_core_tb.quantize_int16_to_int8 ;
    %load/vec4 v0xaaaae8fbad50_0;
    %pad/s 32;
    %load/vec4 v0xaaaae8fbabb0_0;
    %mul;
    %ix/load 4, 15, 0;
    %flag_set/imm 4, 0;
    %shiftr/s 4;
    %store/vec4 v0xaaaae8fbac70_0, 0, 32;
    %load/vec4 v0xaaaae8fbac70_0;
    %parti/s 8, 0, 2;
    %load/vec4 v0xaaaae8fbae80_0;
    %parti/s 8, 0, 2;
    %add;
    %store/vec4 v0xaaaae8fba9d0_0, 0, 8;
    %load/vec4 v0xaaaae8fba9d0_0;
    %pad/s 32;
    %cmpi/s 127, 0, 32;
    %flag_or 5, 4; GT is !LE
    %flag_inv 5;
    %jmp/0xz  T_3.22, 5;
    %pushi/vec4 127, 0, 8;
    %store/vec4 v0xaaaae8fba9d0_0, 0, 8;
T_3.22 ;
    %load/vec4 v0xaaaae8fba9d0_0;
    %pad/s 32;
    %cmpi/s 4294967168, 0, 32;
    %jmp/0xz  T_3.24, 5;
    %pushi/vec4 128, 0, 8;
    %store/vec4 v0xaaaae8fba9d0_0, 0, 8;
T_3.24 ;
    %load/vec4 v0xaaaae8fba9d0_0;
    %ret/vec4 0, 0, 8;  Assign to quantize_int16_to_int8 (store_vec4_to_lval)
    %disable/flow S_0xaaaae8fba7a0;
    %end;
S_0xaaaae8fbaf60 .scope autotask, "run_single_test" "run_single_test" 3 306, 3 306 0, S_0xaaaae8f17650;
 .timescale -9 -12;
v0xaaaae8fbba90_0 .var/2s "test_id", 31 0;
TD_kvcompressor_core_tb.run_single_test ;
    %vpi_call/w 3 308 "$display", "\012----------------------------------------" {0 0 0};
    %vpi_call/w 3 309 "$display", "KV Compressor Test %0d", v0xaaaae8fbba90_0 {0 0 0};
    %vpi_call/w 3 310 "$display", "----------------------------------------" {0 0 0};
    %pushi/vec4 0, 0, 32;
    %store/vec4 v0xaaaae8fbbdf0_0, 0, 32;
    %pushi/vec4 0, 0, 32;
    %store/vec4 v0xaaaae8fbcd30_0, 0, 32;
    %pushi/vec4 0, 0, 32;
    %store/vec4 v0xaaaae8fbd1d0_0, 0, 32;
    %pushi/vec4 0, 0, 32;
    %store/vec4 v0xaaaae8fbcdd0_0, 0, 32;
    %pushi/vec4 0, 0, 1;
    %store/vec4 v0xaaaae8fbd930_0, 0, 1;
    %pushi/vec4 0, 0, 32;
    %store/vec4 v0xaaaae8fbd790_0, 0, 32;
    %pushi/vec4 0, 0, 32;
    %store/vec4 v0xaaaae8fbdaa0_0, 0, 32;
    %pushi/vec4 0, 0, 1;
    %store/vec4 v0xaaaae8fbbb90_0, 0, 1;
    %pushi/vec4 0, 0, 32;
    %store/vec4 v0xaaaae8fbd860_0, 0, 32;
    %pushi/vec4 256, 0, 32;
    %store/vec4 v0xaaaae8fbbf80_0, 0, 32;
    %pushi/vec4 4, 0, 32;
    %store/vec4 v0xaaaae8fbc6d0_0, 0, 32;
    %pushi/vec4 0, 0, 1;
    %store/vec4 v0xaaaae8fbc530_0, 0, 1;
    %alloc S_0xaaaae8ebf4e0;
    %fork TD_kvcompressor_core_tb.do_reset, S_0xaaaae8ebf4e0;
    %join;
    %free S_0xaaaae8ebf4e0;
    %alloc S_0xaaaae8fba430;
    %load/vec4 v0xaaaae8fbba90_0;
    %store/vec4 v0xaaaae8fba6c0_0, 0, 32;
    %fork TD_kvcompressor_core_tb.init_memory, S_0xaaaae8fba430;
    %join;
    %free S_0xaaaae8fba430;
    %vpi_call/w 3 331 "$display", "=== Before compression ===" {0 0 0};
    %alloc S_0xaaaae8ebf6c0;
    %pushi/vec4 0, 0, 32;
    %store/vec4 v0xaaaae8f75ea0_0, 0, 32;
    %pushi/vec4 2, 0, 32;
    %store/vec4 v0xaaaae8f76e50_0, 0, 32;
    %fork TD_kvcompressor_core_tb.dump_memory_region, S_0xaaaae8ebf6c0;
    %join;
    %free S_0xaaaae8ebf6c0;
    %alloc S_0xaaaae8ebf6c0;
    %pushi/vec4 256, 0, 32;
    %store/vec4 v0xaaaae8f75ea0_0, 0, 32;
    %pushi/vec4 2, 0, 32;
    %store/vec4 v0xaaaae8f76e50_0, 0, 32;
    %fork TD_kvcompressor_core_tb.dump_memory_region, S_0xaaaae8ebf6c0;
    %join;
    %free S_0xaaaae8ebf6c0;
    %load/vec4 v0xaaaae8fbba90_0;
    %dup/vec4;
    %pushi/vec4 0, 0, 32;
    %cmp/u;
    %jmp/1 T_4.26, 6;
    %dup/vec4;
    %pushi/vec4 1, 0, 32;
    %cmp/u;
    %jmp/1 T_4.27, 6;
    %dup/vec4;
    %pushi/vec4 2, 0, 32;
    %cmp/u;
    %jmp/1 T_4.28, 6;
    %dup/vec4;
    %pushi/vec4 3, 0, 32;
    %cmp/u;
    %jmp/1 T_4.29, 6;
    %dup/vec4;
    %pushi/vec4 4, 0, 32;
    %cmp/u;
    %jmp/1 T_4.30, 6;
    %dup/vec4;
    %pushi/vec4 5, 0, 32;
    %cmp/u;
    %jmp/1 T_4.31, 6;
    %dup/vec4;
    %pushi/vec4 6, 0, 32;
    %cmp/u;
    %jmp/1 T_4.32, 6;
    %dup/vec4;
    %pushi/vec4 7, 0, 32;
    %cmp/u;
    %jmp/1 T_4.33, 6;
    %dup/vec4;
    %pushi/vec4 8, 0, 32;
    %cmp/u;
    %jmp/1 T_4.34, 6;
    %dup/vec4;
    %pushi/vec4 9, 0, 32;
    %cmp/u;
    %jmp/1 T_4.35, 6;
    %dup/vec4;
    %pushi/vec4 10, 0, 32;
    %cmp/u;
    %jmp/1 T_4.36, 6;
    %dup/vec4;
    %pushi/vec4 11, 0, 32;
    %cmp/u;
    %jmp/1 T_4.37, 6;
    %pushi/vec4 32768, 0, 32;
    %store/vec4 v0xaaaae8fbd790_0, 0, 32;
    %pushi/vec4 0, 0, 32;
    %store/vec4 v0xaaaae8fbdaa0_0, 0, 32;
    %pushi/vec4 0, 0, 1;
    %store/vec4 v0xaaaae8fbbb90_0, 0, 1;
    %pushi/vec4 4, 0, 32;
    %store/vec4 v0xaaaae8fbc6d0_0, 0, 32;
    %jmp T_4.39;
T_4.26 ;
    %pushi/vec4 32768, 0, 32;
    %store/vec4 v0xaaaae8fbd790_0, 0, 32;
    %pushi/vec4 0, 0, 32;
    %store/vec4 v0xaaaae8fbdaa0_0, 0, 32;
    %pushi/vec4 0, 0, 1;
    %store/vec4 v0xaaaae8fbbb90_0, 0, 1;
    %pushi/vec4 4, 0, 32;
    %store/vec4 v0xaaaae8fbc6d0_0, 0, 32;
    %jmp T_4.39;
T_4.27 ;
    %pushi/vec4 32768, 0, 32;
    %store/vec4 v0xaaaae8fbd790_0, 0, 32;
    %pushi/vec4 0, 0, 32;
    %store/vec4 v0xaaaae8fbdaa0_0, 0, 32;
    %pushi/vec4 0, 0, 1;
    %store/vec4 v0xaaaae8fbbb90_0, 0, 1;
    %pushi/vec4 2, 0, 32;
    %store/vec4 v0xaaaae8fbc6d0_0, 0, 32;
    %jmp T_4.39;
T_4.28 ;
    %pushi/vec4 32768, 0, 32;
    %store/vec4 v0xaaaae8fbd790_0, 0, 32;
    %pushi/vec4 0, 0, 32;
    %store/vec4 v0xaaaae8fbdaa0_0, 0, 32;
    %pushi/vec4 0, 0, 1;
    %store/vec4 v0xaaaae8fbbb90_0, 0, 1;
    %pushi/vec4 4, 0, 32;
    %store/vec4 v0xaaaae8fbc6d0_0, 0, 32;
    %jmp T_4.39;
T_4.29 ;
    %pushi/vec4 32768, 0, 32;
    %store/vec4 v0xaaaae8fbd790_0, 0, 32;
    %pushi/vec4 0, 0, 32;
    %store/vec4 v0xaaaae8fbdaa0_0, 0, 32;
    %pushi/vec4 0, 0, 1;
    %store/vec4 v0xaaaae8fbbb90_0, 0, 1;
    %pushi/vec4 4, 0, 32;
    %store/vec4 v0xaaaae8fbc6d0_0, 0, 32;
    %jmp T_4.39;
T_4.30 ;
    %pushi/vec4 32768, 0, 32;
    %store/vec4 v0xaaaae8fbd790_0, 0, 32;
    %pushi/vec4 0, 0, 32;
    %store/vec4 v0xaaaae8fbdaa0_0, 0, 32;
    %pushi/vec4 0, 0, 1;
    %store/vec4 v0xaaaae8fbbb90_0, 0, 1;
    %pushi/vec4 4, 0, 32;
    %store/vec4 v0xaaaae8fbc6d0_0, 0, 32;
    %jmp T_4.39;
T_4.31 ;
    %pushi/vec4 32768, 0, 32;
    %store/vec4 v0xaaaae8fbd790_0, 0, 32;
    %pushi/vec4 0, 0, 32;
    %store/vec4 v0xaaaae8fbdaa0_0, 0, 32;
    %pushi/vec4 0, 0, 1;
    %store/vec4 v0xaaaae8fbbb90_0, 0, 1;
    %pushi/vec4 4, 0, 32;
    %store/vec4 v0xaaaae8fbc6d0_0, 0, 32;
    %jmp T_4.39;
T_4.32 ;
    %pushi/vec4 32768, 0, 32;
    %store/vec4 v0xaaaae8fbd790_0, 0, 32;
    %pushi/vec4 0, 0, 32;
    %store/vec4 v0xaaaae8fbdaa0_0, 0, 32;
    %pushi/vec4 0, 0, 1;
    %store/vec4 v0xaaaae8fbbb90_0, 0, 1;
    %pushi/vec4 4, 0, 32;
    %store/vec4 v0xaaaae8fbc6d0_0, 0, 32;
    %jmp T_4.39;
T_4.33 ;
    %pushi/vec4 32768, 0, 32;
    %store/vec4 v0xaaaae8fbd790_0, 0, 32;
    %pushi/vec4 0, 0, 32;
    %store/vec4 v0xaaaae8fbdaa0_0, 0, 32;
    %pushi/vec4 0, 0, 1;
    %store/vec4 v0xaaaae8fbbb90_0, 0, 1;
    %pushi/vec4 8, 0, 32;
    %store/vec4 v0xaaaae8fbc6d0_0, 0, 32;
    %jmp T_4.39;
T_4.34 ;
    %pushi/vec4 32768, 0, 32;
    %store/vec4 v0xaaaae8fbd790_0, 0, 32;
    %pushi/vec4 0, 0, 32;
    %store/vec4 v0xaaaae8fbdaa0_0, 0, 32;
    %pushi/vec4 0, 0, 1;
    %store/vec4 v0xaaaae8fbbb90_0, 0, 1;
    %pushi/vec4 8, 0, 32;
    %store/vec4 v0xaaaae8fbc6d0_0, 0, 32;
    %jmp T_4.39;
T_4.35 ;
    %pushi/vec4 32768, 0, 32;
    %store/vec4 v0xaaaae8fbd790_0, 0, 32;
    %pushi/vec4 0, 0, 32;
    %store/vec4 v0xaaaae8fbdaa0_0, 0, 32;
    %pushi/vec4 0, 0, 1;
    %store/vec4 v0xaaaae8fbbb90_0, 0, 1;
    %pushi/vec4 8, 0, 32;
    %store/vec4 v0xaaaae8fbc6d0_0, 0, 32;
    %jmp T_4.39;
T_4.36 ;
    %pushi/vec4 0, 0, 32;
    %store/vec4 v0xaaaae8fbd790_0, 0, 32;
    %pushi/vec4 0, 0, 32;
    %store/vec4 v0xaaaae8fbdaa0_0, 0, 32;
    %pushi/vec4 1, 0, 1;
    %store/vec4 v0xaaaae8fbbb90_0, 0, 1;
    %pushi/vec4 4, 0, 32;
    %store/vec4 v0xaaaae8fbc6d0_0, 0, 32;
    %jmp T_4.39;
T_4.37 ;
    %pushi/vec4 0, 0, 32;
    %store/vec4 v0xaaaae8fbd790_0, 0, 32;
    %pushi/vec4 0, 0, 32;
    %store/vec4 v0xaaaae8fbdaa0_0, 0, 32;
    %pushi/vec4 1, 0, 1;
    %store/vec4 v0xaaaae8fbbb90_0, 0, 1;
    %pushi/vec4 4, 0, 32;
    %store/vec4 v0xaaaae8fbc6d0_0, 0, 32;
    %jmp T_4.39;
T_4.39 ;
    %pop/vec4 1;
    %wait E_0xaaaae8efcc60;
    %pushi/vec4 1, 0, 1;
    %assign/vec4 v0xaaaae8fbd930_0, 0;
    %wait E_0xaaaae8efcc60;
    %pushi/vec4 0, 0, 1;
    %assign/vec4 v0xaaaae8fbd930_0, 0;
    %pushi/vec4 0, 0, 32;
    %store/vec4 v0xaaaae8fbc7a0_0, 0, 32;
T_4.40 ;
    %load/vec4 v0xaaaae8fbbe90_0;
    %cmpi/e 0, 0, 1;
    %flag_get/vec4 4;
    %jmp/0 T_4.42, 4;
    %load/vec4 v0xaaaae8fbc7a0_0;
    %cmpi/s 2000, 0, 32;
    %flag_get/vec4 5;
    %and;
T_4.42;
    %flag_set/vec4 8;
    %jmp/0xz T_4.41, 8;
    %wait E_0xaaaae8efcc60;
    ; show_stmt_assign_vector: Get l-value for compressed += operand
    %load/vec4 v0xaaaae8fbc7a0_0;
    %pushi/vec4 1, 0, 32;
    %add;
    %cast2;
    %store/vec4 v0xaaaae8fbc7a0_0, 0, 32;
    %jmp T_4.40;
T_4.41 ;
    %load/vec4 v0xaaaae8fbbe90_0;
    %cmpi/e 0, 0, 1;
    %jmp/0xz  T_4.43, 4;
    ; show_stmt_assign_vector: Get l-value for compressed += operand
    %load/vec4 v0xaaaae8fbc050_0;
    %pushi/vec4 1, 0, 32;
    %add;
    %cast2;
    %store/vec4 v0xaaaae8fbc050_0, 0, 32;
    %vpi_call/w 3 458 "$display", "KV Test %0d ** ERROR: Timeout waiting for done_o (local_timeout=%0d)", v0xaaaae8fbba90_0, v0xaaaae8fbc7a0_0 {0 0 0};
    %disable/flow S_0xaaaae8fbaf60;
T_4.43 ;
    %wait E_0xaaaae8efcc60;
    %vpi_call/w 3 465 "$display", "=== After compression (done_o=1) ===" {0 0 0};
    %vpi_call/w 3 466 "$display", "busy_o = %0d, irq_o = %0d", v0xaaaae8fbbc50_0, v0xaaaae8fbc600_0 {0 0 0};
    %alloc S_0xaaaae8ebf6c0;
    %pushi/vec4 256, 0, 32;
    %store/vec4 v0xaaaae8f75ea0_0, 0, 32;
    %pushi/vec4 2, 0, 32;
    %store/vec4 v0xaaaae8f76e50_0, 0, 32;
    %fork TD_kvcompressor_core_tb.dump_memory_region, S_0xaaaae8ebf6c0;
    %join;
    %free S_0xaaaae8ebf6c0;
    %load/vec4 v0xaaaae8fbba90_0;
    %cmpi/e 0, 0, 32;
    %jmp/0xz  T_4.45, 4;
    %pushi/vec4 50, 0, 16;
    %store/vec4 v0xaaaae8fbc370_0, 0, 16;
    %pushi/vec4 65476, 0, 16;
    %store/vec4 v0xaaaae8fbc450_0, 0, 16;
    %alloc S_0xaaaae8fba7a0;
    %load/vec4 v0xaaaae8fbc370_0;
    %load/vec4 v0xaaaae8fbd790_0;
    %load/vec4 v0xaaaae8fbdaa0_0;
    %store/vec4 v0xaaaae8fbae80_0, 0, 32;
    %store/vec4 v0xaaaae8fbabb0_0, 0, 32;
    %store/vec4 v0xaaaae8fbad50_0, 0, 16;
    %callf/vec4 TD_kvcompressor_core_tb.quantize_int16_to_int8, S_0xaaaae8fba7a0;
    %free S_0xaaaae8fba7a0;
    %store/vec4 v0xaaaae8fbc1b0_0, 0, 8;
    %alloc S_0xaaaae8fba7a0;
    %load/vec4 v0xaaaae8fbc450_0;
    %load/vec4 v0xaaaae8fbd790_0;
    %load/vec4 v0xaaaae8fbdaa0_0;
    %store/vec4 v0xaaaae8fbae80_0, 0, 32;
    %store/vec4 v0xaaaae8fbabb0_0, 0, 32;
    %store/vec4 v0xaaaae8fbad50_0, 0, 16;
    %callf/vec4 TD_kvcompressor_core_tb.quantize_int16_to_int8, S_0xaaaae8fba7a0;
    %free S_0xaaaae8fba7a0;
    %store/vec4 v0xaaaae8fbc290_0, 0, 8;
    %load/vec4 v0xaaaae8fbc1b0_0;
    %load/vec4 v0xaaaae8fbc290_0;
    %concat/vec4; draw_concat_vec4
    %concati/vec4 0, 0, 8;
    %concati/vec4 0, 0, 8;
    %store/vec4 v0xaaaae8fbc0f0_0, 0, 32;
    %load/vec4 v0xaaaae8fbbf80_0;
    %parti/s 10, 2, 3;
    %ix/vec4 4;
    %load/vec4a v0xaaaae8fbc840, 4;
    %load/vec4 v0xaaaae8fbc0f0_0;
    %cmp/ne;
    %jmp/0xz  T_4.47, 6;
    ; show_stmt_assign_vector: Get l-value for compressed += operand
    %load/vec4 v0xaaaae8fbc050_0;
    %pushi/vec4 1, 0, 32;
    %add;
    %cast2;
    %store/vec4 v0xaaaae8fbc050_0, 0, 32;
    %vpi_call/w 3 487 "$display", "KV Test %0d ** ERROR: expected 0x%08h got 0x%08h", v0xaaaae8fbba90_0, v0xaaaae8fbc0f0_0, &A<v0xaaaae8fbc840, &PV<v0xaaaae8fbbf80_0, 2, 10> > {0 0 0};
    %jmp T_4.48;
T_4.47 ;
    %vpi_call/w 3 490 "$display", "KV Test %0d PASS: word0 matches golden 0x%08h", v0xaaaae8fbba90_0, v0xaaaae8fbc0f0_0 {0 0 0};
T_4.48 ;
    %jmp T_4.46;
T_4.45 ;
    %load/vec4 v0xaaaae8fbba90_0;
    %cmpi/e 2, 0, 32;
    %jmp/0xz  T_4.49, 4;
    %fork t_1, S_0xaaaae8fbb140;
    %jmp t_0;
    .scope S_0xaaaae8fbb140;
t_1 ;
    %pushi/vec4 32767, 0, 16;
    %store/vec4 v0xaaaae8fbb340_0, 0, 16;
    %pushi/vec4 32768, 0, 16;
    %store/vec4 v0xaaaae8fbb440_0, 0, 16;
    %pushi/vec4 16384, 0, 16;
    %store/vec4 v0xaaaae8fbb520_0, 0, 16;
    %pushi/vec4 49152, 0, 16;
    %store/vec4 v0xaaaae8fbb5e0_0, 0, 16;
    %alloc S_0xaaaae8fba7a0;
    %load/vec4 v0xaaaae8fbb340_0;
    %load/vec4 v0xaaaae8fbd790_0;
    %load/vec4 v0xaaaae8fbdaa0_0;
    %store/vec4 v0xaaaae8fbae80_0, 0, 32;
    %store/vec4 v0xaaaae8fbabb0_0, 0, 32;
    %store/vec4 v0xaaaae8fbad50_0, 0, 16;
    %callf/vec4 TD_kvcompressor_core_tb.quantize_int16_to_int8, S_0xaaaae8fba7a0;
    %free S_0xaaaae8fba7a0;
    %store/vec4 v0xaaaae8fbb6c0_0, 0, 8;
    %alloc S_0xaaaae8fba7a0;
    %load/vec4 v0xaaaae8fbb440_0;
    %load/vec4 v0xaaaae8fbd790_0;
    %load/vec4 v0xaaaae8fbdaa0_0;
    %store/vec4 v0xaaaae8fbae80_0, 0, 32;
    %store/vec4 v0xaaaae8fbabb0_0, 0, 32;
    %store/vec4 v0xaaaae8fbad50_0, 0, 16;
    %callf/vec4 TD_kvcompressor_core_tb.quantize_int16_to_int8, S_0xaaaae8fba7a0;
    %free S_0xaaaae8fba7a0;
    %store/vec4 v0xaaaae8fbb7f0_0, 0, 8;
    %alloc S_0xaaaae8fba7a0;
    %load/vec4 v0xaaaae8fbb520_0;
    %load/vec4 v0xaaaae8fbd790_0;
    %load/vec4 v0xaaaae8fbdaa0_0;
    %store/vec4 v0xaaaae8fbae80_0, 0, 32;
    %store/vec4 v0xaaaae8fbabb0_0, 0, 32;
    %store/vec4 v0xaaaae8fbad50_0, 0, 16;
    %callf/vec4 TD_kvcompressor_core_tb.quantize_int16_to_int8, S_0xaaaae8fba7a0;
    %free S_0xaaaae8fba7a0;
    %store/vec4 v0xaaaae8fbb8d0_0, 0, 8;
    %alloc S_0xaaaae8fba7a0;
    %load/vec4 v0xaaaae8fbb5e0_0;
    %load/vec4 v0xaaaae8fbd790_0;
    %load/vec4 v0xaaaae8fbdaa0_0;
    %store/vec4 v0xaaaae8fbae80_0, 0, 32;
    %store/vec4 v0xaaaae8fbabb0_0, 0, 32;
    %store/vec4 v0xaaaae8fbad50_0, 0, 16;
    %callf/vec4 TD_kvcompressor_core_tb.quantize_int16_to_int8, S_0xaaaae8fba7a0;
    %free S_0xaaaae8fba7a0;
    %store/vec4 v0xaaaae8fbb9b0_0, 0, 8;
    %load/vec4 v0xaaaae8fbb6c0_0;
    %load/vec4 v0xaaaae8fbb7f0_0;
    %concat/vec4; draw_concat_vec4
    %load/vec4 v0xaaaae8fbb9b0_0;
    %concat/vec4; draw_concat_vec4
    %concati/vec4 0, 0, 8;
    %store/vec4 v0xaaaae8fbc0f0_0, 0, 32;
    %load/vec4 v0xaaaae8fbbf80_0;
    %parti/s 10, 2, 3;
    %ix/vec4 4;
    %load/vec4a v0xaaaae8fbc840, 4;
    %load/vec4 v0xaaaae8fbc0f0_0;
    %cmp/ne;
    %jmp/0xz  T_4.51, 6;
    ; show_stmt_assign_vector: Get l-value for compressed += operand
    %load/vec4 v0xaaaae8fbc050_0;
    %pushi/vec4 1, 0, 32;
    %add;
    %cast2;
    %store/vec4 v0xaaaae8fbc050_0, 0, 32;
    %vpi_call/w 3 528 "$display", "KV Test %0d ** ERROR (golden T2): expected 0x%08h got 0x%08h", v0xaaaae8fbba90_0, v0xaaaae8fbc0f0_0, &A<v0xaaaae8fbc840, &PV<v0xaaaae8fbbf80_0, 2, 10> > {0 0 0};
    %jmp T_4.52;
T_4.51 ;
    %vpi_call/w 3 531 "$display", "KV Test %0d PASS (golden T2): word0 matches 0x%08h", v0xaaaae8fbba90_0, v0xaaaae8fbc0f0_0 {0 0 0};
T_4.52 ;
    %end;
    .scope S_0xaaaae8fbaf60;
t_0 %join;
T_4.49 ;
T_4.46 ;
    %load/vec4 v0xaaaae8fbba90_0;
    %cmpi/e 3, 0, 32;
    %jmp/0xz  T_4.53, 4;
    %vpi_call/w 3 539 "$display", "KV Test %0d INFO: Destination memory word is zero and considered acceptable for this pattern.", v0xaaaae8fbba90_0 {0 0 0};
    %jmp T_4.54;
T_4.53 ;
    %load/vec4 v0xaaaae8fbba90_0;
    %cmpi/ne 2, 0, 32;
    %flag_get/vec4 4;
    %jmp/0 T_4.57, 4;
    %load/vec4 v0xaaaae8fbbf80_0;
    %parti/s 10, 2, 3;
    %ix/vec4 4;
    %load/vec4a v0xaaaae8fbc840, 4;
    %pushi/vec4 0, 0, 32;
    %cmp/e;
    %flag_get/vec4 4;
    %and;
T_4.57;
    %flag_set/vec4 8;
    %jmp/0xz  T_4.55, 8;
    ; show_stmt_assign_vector: Get l-value for compressed += operand
    %load/vec4 v0xaaaae8fbc050_0;
    %pushi/vec4 1, 0, 32;
    %add;
    %cast2;
    %store/vec4 v0xaaaae8fbc050_0, 0, 32;
    %vpi_call/w 3 543 "$display", "KV Test %0d ** ERROR: Destination memory word is still zero, compression may have failed.", v0xaaaae8fbba90_0 {0 0 0};
    %jmp T_4.56;
T_4.55 ;
    %vpi_call/w 3 546 "$display", "KV Test %0d PASS: Destination memory word at 0x%08h = 0x%08h", v0xaaaae8fbba90_0, v0xaaaae8fbbf80_0, &A<v0xaaaae8fbc840, &PV<v0xaaaae8fbbf80_0, 2, 10> > {0 0 0};
T_4.56 ;
T_4.54 ;
    %vpi_call/w 3 552 "$display", "Activity summary for test %0d:", v0xaaaae8fbba90_0 {0 0 0};
    %vpi_call/w 3 553 "$display", "  Total cycles      : %0d", v0xaaaae8fbbdf0_0 {0 0 0};
    %vpi_call/w 3 554 "$display", "  Mem read requests : %0d", v0xaaaae8fbcd30_0 {0 0 0};
    %vpi_call/w 3 555 "$display", "  Mem write requests: %0d", v0xaaaae8fbd1d0_0 {0 0 0};
    %vpi_call/w 3 556 "$display", "  Mem refills       : %0d", v0xaaaae8fbcdd0_0 {0 0 0};
    ; show_stmt_assign_vector: Get l-value for compressed += operand
    %load/vec4 v0xaaaae8fbda00_0;
    %pushi/vec4 1, 0, 32;
    %add;
    %cast2;
    %store/vec4 v0xaaaae8fbda00_0, 0, 32;
    %end;
S_0xaaaae8fbb140 .scope autobegin, "$unm_blk_71" "$unm_blk_71" 3 494, 3 494 0, S_0xaaaae8fbaf60;
 .timescale -9 -12;
v0xaaaae8fbb340_0 .var/s "a0", 15 0;
v0xaaaae8fbb440_0 .var/s "a1", 15 0;
v0xaaaae8fbb520_0 .var/s "b0", 15 0;
v0xaaaae8fbb5e0_0 .var/s "b1", 15 0;
v0xaaaae8fbb6c0_0 .var/s "qa0", 7 0;
v0xaaaae8fbb7f0_0 .var/s "qa1", 7 0;
v0xaaaae8fbb8d0_0 .var/s "qb0", 7 0;
v0xaaaae8fbb9b0_0 .var/s "qb1", 7 0;
    .scope S_0xaaaae8fb6ed0;
T_5 ;
Ewait_0 .event/or E_0xaaaae8efcac0, E_0x0;
    %wait Ewait_0;
    %pushi/vec4 0, 0, 1;
    %store/vec4 v0xaaaae8fb8990_0, 0, 1;
    %pushi/vec4 0, 0, 1;
    %store/vec4 v0xaaaae8fb8bf0_0, 0, 1;
    %pushi/vec4 15, 0, 4;
    %store/vec4 v0xaaaae8fb8650_0, 0, 4;
    %pushi/vec4 0, 0, 32;
    %store/vec4 v0xaaaae8fb8570_0, 0, 32;
    %load/vec4 v0xaaaae8fb91f0_0;
    %store/vec4 v0xaaaae8fb8b10_0, 0, 32;
    %pushi/vec4 0, 0, 1;
    %store/vec4 v0xaaaae8fb7be0_0, 0, 1;
    %load/vec4 v0xaaaae8fb9a70_0;
    %cmpi/ne 0, 0, 4;
    %flag_get/vec4 4;
    %jmp/0 T_5.0, 4;
    %load/vec4 v0xaaaae8fb9a70_0;
    %pushi/vec4 8, 0, 4;
    %cmp/ne;
    %flag_get/vec4 4;
    %and;
T_5.0;
    %store/vec4 v0xaaaae8fb7a50_0, 0, 1;
    %pushi/vec4 0, 0, 1;
    %store/vec4 v0xaaaae8fb8210_0, 0, 1;
    %load/vec4 v0xaaaae8fb9a70_0;
    %store/vec4 v0xaaaae8fb9990_0, 0, 4;
    %load/vec4 v0xaaaae8fb8070_0;
    %store/vec4 v0xaaaae8fb7f90_0, 0, 32;
    %load/vec4 v0xaaaae8fb97f0_0;
    %store/vec4 v0xaaaae8fb9710_0, 0, 32;
    %load/vec4 v0xaaaae8fb7eb0_0;
    %store/vec4 v0xaaaae8fb7dd0_0, 0, 32;
    %load/vec4 v0xaaaae8fb8d90_0;
    %store/vec4 v0xaaaae8fb8cb0_0, 0, 16;
    %load/vec4 v0xaaaae8fb8490_0;
    %store/vec4 v0xaaaae8fb83b0_0, 0, 16;
    %load/vec4 v0xaaaae8fb9550_0;
    %store/vec4 v0xaaaae8fb9390_0, 0, 32;
    %load/vec4 v0xaaaae8fba090_0;
    %store/vec4 v0xaaaae8fb9ed0_0, 0, 32;
    %load/vec4 v0xaaaae8fb91f0_0;
    %store/vec4 v0xaaaae8fb9030_0, 0, 32;
    %load/vec4 v0xaaaae8fb8f50_0;
    %store/vec4 v0xaaaae8fb8e70_0, 0, 2;
    %load/vec4 v0xaaaae8fb9b50_0;
    %store/vec4 v0xaaaae8fb9b50_0, 0, 16;
    %load/vec4 v0xaaaae8fb9d10_0;
    %store/vec4 v0xaaaae8fb9d10_0, 0, 16;
    %load/vec4 v0xaaaae8fb9a70_0;
    %dup/vec4;
    %pushi/vec4 0, 0, 4;
    %cmp/u;
    %jmp/1 T_5.1, 6;
    %dup/vec4;
    %pushi/vec4 1, 0, 4;
    %cmp/u;
    %jmp/1 T_5.2, 6;
    %dup/vec4;
    %pushi/vec4 2, 0, 4;
    %cmp/u;
    %jmp/1 T_5.3, 6;
    %dup/vec4;
    %pushi/vec4 3, 0, 4;
    %cmp/u;
    %jmp/1 T_5.4, 6;
    %dup/vec4;
    %pushi/vec4 4, 0, 4;
    %cmp/u;
    %jmp/1 T_5.5, 6;
    %dup/vec4;
    %pushi/vec4 5, 0, 4;
    %cmp/u;
    %jmp/1 T_5.6, 6;
    %dup/vec4;
    %pushi/vec4 6, 0, 4;
    %cmp/u;
    %jmp/1 T_5.7, 6;
    %dup/vec4;
    %pushi/vec4 7, 0, 4;
    %cmp/u;
    %jmp/1 T_5.8, 6;
    %dup/vec4;
    %pushi/vec4 8, 0, 4;
    %cmp/u;
    %jmp/1 T_5.9, 6;
    %jmp T_5.10;
T_5.1 ;
    %load/vec4 v0xaaaae8fb98d0_0;
    %flag_set/vec4 8;
    %jmp/0xz  T_5.11, 8;
    %pushi/vec4 1, 0, 4;
    %store/vec4 v0xaaaae8fb9990_0, 0, 4;
    %load/vec4 v0xaaaae8fb82d0_0;
    %store/vec4 v0xaaaae8fb7f90_0, 0, 32;
    %pushi/vec4 0, 0, 32;
    %store/vec4 v0xaaaae8fb9710_0, 0, 32;
    %pushi/vec4 0, 0, 32;
    %store/vec4 v0xaaaae8fb7dd0_0, 0, 32;
    %pushi/vec4 0, 0, 32;
    %store/vec4 v0xaaaae8fb9030_0, 0, 32;
    %pushi/vec4 0, 0, 2;
    %store/vec4 v0xaaaae8fb8e70_0, 0, 2;
    %load/vec4 v0xaaaae8f90e90_0;
    %flag_set/vec4 8;
    %jmp/0xz  T_5.13, 8;
    %pushi/vec4 32767, 0, 16;
    %store/vec4 v0xaaaae8fb8cb0_0, 0, 16;
    %pushi/vec4 32768, 0, 16;
    %store/vec4 v0xaaaae8fb83b0_0, 0, 16;
T_5.13 ;
T_5.11 ;
    %jmp T_5.10;
T_5.2 ;
    %load/vec4 v0xaaaae8f90e90_0;
    %nor/r;
    %flag_set/vec4 8;
    %jmp/0xz  T_5.15, 8;
    %load/vec4 v0xaaaae8fb9470_0;
    %store/vec4 v0xaaaae8fb9390_0, 0, 32;
    %load/vec4 v0xaaaae8fb9fb0_0;
    %store/vec4 v0xaaaae8fb9ed0_0, 0, 32;
    %pushi/vec4 2, 0, 4;
    %store/vec4 v0xaaaae8fb9990_0, 0, 4;
    %jmp T_5.16;
T_5.15 ;
    %pushi/vec4 2, 0, 4;
    %store/vec4 v0xaaaae8fb9990_0, 0, 4;
T_5.16 ;
    %jmp T_5.10;
T_5.3 ;
    %pushi/vec4 1, 0, 1;
    %store/vec4 v0xaaaae8fb8990_0, 0, 1;
    %load/vec4 v0xaaaae8fb9630_0;
    %load/vec4 v0xaaaae8fb97f0_0;
    %add;
    %store/vec4 v0xaaaae8fb8570_0, 0, 32;
    %pushi/vec4 0, 0, 1;
    %store/vec4 v0xaaaae8fb8bf0_0, 0, 1;
    %load/vec4 v0xaaaae8fb87f0_0;
    %flag_set/vec4 8;
    %jmp/0xz  T_5.17, 8;
    %pushi/vec4 3, 0, 4;
    %store/vec4 v0xaaaae8fb9990_0, 0, 4;
T_5.17 ;
    %jmp T_5.10;
T_5.4 ;
    %load/vec4 v0xaaaae8fb8a50_0;
    %flag_set/vec4 8;
    %jmp/0xz  T_5.19, 8;
    %load/vec4 v0xaaaae8fb9c30_0;
    %store/vec4 v0xaaaae8fb9b50_0, 0, 16;
    %load/vec4 v0xaaaae8fb9df0_0;
    %store/vec4 v0xaaaae8fb9d10_0, 0, 16;
    %load/vec4 v0xaaaae8fb8070_0;
    %cmpi/u 2, 0, 32;
    %flag_or 5, 4; GT is !LE
    %flag_inv 5;
    %jmp/0xz  T_5.21, 5;
    %load/vec4 v0xaaaae8fb8070_0;
    %subi 2, 0, 32;
    %store/vec4 v0xaaaae8fb7f90_0, 0, 32;
    %jmp T_5.22;
T_5.21 ;
    %pushi/vec4 0, 0, 32;
    %store/vec4 v0xaaaae8fb7f90_0, 0, 32;
T_5.22 ;
    %load/vec4 v0xaaaae8fb97f0_0;
    %addi 4, 0, 32;
    %store/vec4 v0xaaaae8fb9710_0, 0, 32;
    %load/vec4 v0xaaaae8f90e90_0;
    %flag_set/vec4 8;
    %jmp/0xz  T_5.23, 8;
    %load/vec4 v0xaaaae8fb9b50_0;
    %load/vec4 v0xaaaae8fb8d90_0;
    %cmp/s;
    %flag_mov 8, 5;
    %jmp/0 T_5.25, 8;
    %load/vec4 v0xaaaae8fb9b50_0;
    %jmp/1 T_5.26, 8;
T_5.25 ; End of true expr.
    %load/vec4 v0xaaaae8fb8d90_0;
    %jmp/0 T_5.26, 8;
 ; End of false expr.
    %blend;
T_5.26;
    %store/vec4 v0xaaaae8fb8cb0_0, 0, 16;
    %load/vec4 v0xaaaae8fb9d10_0;
    %load/vec4 v0xaaaae8fb8cb0_0;
    %cmp/s;
    %flag_mov 8, 5;
    %jmp/0 T_5.27, 8;
    %load/vec4 v0xaaaae8fb9d10_0;
    %jmp/1 T_5.28, 8;
T_5.27 ; End of true expr.
    %load/vec4 v0xaaaae8fb8cb0_0;
    %jmp/0 T_5.28, 8;
 ; End of false expr.
    %blend;
T_5.28;
    %store/vec4 v0xaaaae8fb8cb0_0, 0, 16;
    %load/vec4 v0xaaaae8fb8490_0;
    %load/vec4 v0xaaaae8fb9b50_0;
    %cmp/s;
    %flag_mov 8, 5;
    %jmp/0 T_5.29, 8;
    %load/vec4 v0xaaaae8fb9b50_0;
    %jmp/1 T_5.30, 8;
T_5.29 ; End of true expr.
    %load/vec4 v0xaaaae8fb8490_0;
    %jmp/0 T_5.30, 8;
 ; End of false expr.
    %blend;
T_5.30;
    %store/vec4 v0xaaaae8fb83b0_0, 0, 16;
    %load/vec4 v0xaaaae8fb83b0_0;
    %load/vec4 v0xaaaae8fb9d10_0;
    %cmp/s;
    %flag_mov 8, 5;
    %jmp/0 T_5.31, 8;
    %load/vec4 v0xaaaae8fb9d10_0;
    %jmp/1 T_5.32, 8;
T_5.31 ; End of true expr.
    %load/vec4 v0xaaaae8fb83b0_0;
    %jmp/0 T_5.32, 8;
 ; End of false expr.
    %blend;
T_5.32;
    %store/vec4 v0xaaaae8fb83b0_0, 0, 16;
T_5.23 ;
    %load/vec4 v0xaaaae8fb7f90_0;
    %cmpi/e 0, 0, 32;
    %jmp/0xz  T_5.33, 4;
    %load/vec4 v0xaaaae8f90e90_0;
    %flag_set/vec4 8;
    %jmp/0xz  T_5.35, 8;
    %pushi/vec4 4, 0, 4;
    %store/vec4 v0xaaaae8fb9990_0, 0, 4;
    %jmp T_5.36;
T_5.35 ;
    %pushi/vec4 5, 0, 4;
    %store/vec4 v0xaaaae8fb9990_0, 0, 4;
T_5.36 ;
    %pushi/vec4 0, 0, 32;
    %store/vec4 v0xaaaae8fb9710_0, 0, 32;
    %jmp T_5.34;
T_5.33 ;
    %pushi/vec4 2, 0, 4;
    %store/vec4 v0xaaaae8fb9990_0, 0, 4;
T_5.34 ;
T_5.19 ;
    %jmp T_5.10;
T_5.5 ;
    %fork t_3, S_0xaaaae8fb7530;
    %jmp t_2;
    .scope S_0xaaaae8fb7530;
t_3 ;
    %load/vec4 v0xaaaae8fb8d90_0;
    %inv;
    %addi 1, 0, 16;
    %load/vec4 v0xaaaae8fb8490_0;
    %cmp/s;
    %flag_mov 8, 5;
    %jmp/0 T_5.37, 8;
    %load/vec4 v0xaaaae8fb8490_0;
    %jmp/1 T_5.38, 8;
T_5.37 ; End of true expr.
    %load/vec4 v0xaaaae8fb8d90_0;
    %inv;
    %addi 1, 0, 16;
    %jmp/0 T_5.38, 8;
 ; End of false expr.
    %blend;
T_5.38;
    %store/vec4 v0xaaaae8ef5d40_0, 0, 16;
    %pushi/vec4 127, 0, 32;
    %load/vec4 v0xaaaae8ef5d40_0;
    %pad/s 32;
    %div/s;
    %store/vec4 v0xaaaae8fb9390_0, 0, 32;
    %pushi/vec4 128, 0, 32;
    %store/vec4 v0xaaaae8fb9ed0_0, 0, 32;
    %load/vec4 v0xaaaae8fb82d0_0;
    %store/vec4 v0xaaaae8fb7f90_0, 0, 32;
    %pushi/vec4 0, 0, 32;
    %store/vec4 v0xaaaae8fb9710_0, 0, 32;
    %pushi/vec4 2, 0, 4;
    %store/vec4 v0xaaaae8fb9990_0, 0, 4;
    %end;
    .scope S_0xaaaae8fb6ed0;
t_2 %join;
    %jmp T_5.10;
T_5.6 ;
    %fork t_5, S_0xaaaae8fb7790;
    %jmp t_4;
    .scope S_0xaaaae8fb7790;
t_5 ;
    %load/vec4 v0xaaaae8fb9b50_0;
    %pad/u 32;
    %load/vec4 v0xaaaae8fb9550_0;
    %mul;
    %ix/load 4, 15, 0;
    %flag_set/imm 4, 0;
    %shiftr 4;
    %load/vec4 v0xaaaae8fba090_0;
    %add;
    %pad/u 8;
    %store/vec4 v0xaaaae8ef60b0_0, 0, 8;
    %load/vec4 v0xaaaae8fb9d10_0;
    %pad/u 32;
    %load/vec4 v0xaaaae8fb9550_0;
    %mul;
    %ix/load 4, 15, 0;
    %flag_set/imm 4, 0;
    %shiftr 4;
    %load/vec4 v0xaaaae8fba090_0;
    %add;
    %pad/u 8;
    %store/vec4 v0xaaaae8f90df0_0, 0, 8;
    %load/vec4 v0xaaaae8ef60b0_0;
    %pad/s 32;
    %cmpi/s 127, 0, 32;
    %flag_or 5, 4; GT is !LE
    %flag_inv 5;
    %jmp/0xz  T_5.39, 5;
    %pushi/vec4 127, 0, 8;
    %store/vec4 v0xaaaae8ef60b0_0, 0, 8;
T_5.39 ;
    %load/vec4 v0xaaaae8ef60b0_0;
    %pad/s 32;
    %cmpi/s 4294967168, 0, 32;
    %jmp/0xz  T_5.41, 5;
    %pushi/vec4 128, 0, 8;
    %store/vec4 v0xaaaae8ef60b0_0, 0, 8;
T_5.41 ;
    %load/vec4 v0xaaaae8f90df0_0;
    %pad/s 32;
    %cmpi/s 127, 0, 32;
    %flag_or 5, 4; GT is !LE
    %flag_inv 5;
    %jmp/0xz  T_5.43, 5;
    %pushi/vec4 127, 0, 8;
    %store/vec4 v0xaaaae8f90df0_0, 0, 8;
T_5.43 ;
    %load/vec4 v0xaaaae8f90df0_0;
    %pad/s 32;
    %cmpi/s 4294967168, 0, 32;
    %jmp/0xz  T_5.45, 5;
    %pushi/vec4 128, 0, 8;
    %store/vec4 v0xaaaae8f90df0_0, 0, 8;
T_5.45 ;
    %load/vec4 v0xaaaae8ef60b0_0;
    %load/vec4 v0xaaaae8f90df0_0;
    %concat/vec4; draw_concat_vec4
    %load/vec4 v0xaaaae8fb9110_0;
    %concat/vec4; draw_concat_vec4
    %store/vec4 v0xaaaae8fb9030_0, 0, 32;
    %load/vec4 v0xaaaae8fb8f50_0;
    %pad/u 3;
    %addi 2, 0, 3;
    %pad/u 2;
    %store/vec4 v0xaaaae8fb8e70_0, 0, 2;
    %load/vec4 v0xaaaae8fb8e70_0;
    %pad/u 32;
    %cmpi/e 4, 0, 32;
    %jmp/1 T_5.49, 4;
    %flag_mov 8, 4;
    %load/vec4 v0xaaaae8fb8070_0;
    %cmpi/e 0, 0, 32;
    %flag_or 4, 8;
T_5.49;
    %jmp/0xz  T_5.47, 4;
    %pushi/vec4 6, 0, 4;
    %store/vec4 v0xaaaae8fb9990_0, 0, 4;
    %jmp T_5.48;
T_5.47 ;
    %pushi/vec4 2, 0, 4;
    %store/vec4 v0xaaaae8fb9990_0, 0, 4;
T_5.48 ;
    %end;
    .scope S_0xaaaae8fb6ed0;
t_4 %join;
    %jmp T_5.10;
T_5.7 ;
    %pushi/vec4 1, 0, 1;
    %store/vec4 v0xaaaae8fb8990_0, 0, 1;
    %pushi/vec4 1, 0, 1;
    %store/vec4 v0xaaaae8fb8bf0_0, 0, 1;
    %load/vec4 v0xaaaae8fb7ca0_0;
    %load/vec4 v0xaaaae8fb7eb0_0;
    %add;
    %store/vec4 v0xaaaae8fb8570_0, 0, 32;
    %load/vec4 v0xaaaae8fb91f0_0;
    %store/vec4 v0xaaaae8fb8b10_0, 0, 32;
    %load/vec4 v0xaaaae8fb87f0_0;
    %flag_set/vec4 8;
    %jmp/0xz  T_5.50, 8;
    %pushi/vec4 7, 0, 4;
    %store/vec4 v0xaaaae8fb9990_0, 0, 4;
T_5.50 ;
    %jmp T_5.10;
T_5.8 ;
    %load/vec4 v0xaaaae8fb8a50_0;
    %flag_set/vec4 8;
    %jmp/1 T_5.54, 8;
    %load/vec4 v0xaaaae8fb8730_0;
    %nor/r;
    %flag_set/vec4 9;
    %flag_or 8, 9;
T_5.54;
    %jmp/0xz  T_5.52, 8;
    %load/vec4 v0xaaaae8fb7eb0_0;
    %addi 4, 0, 32;
    %store/vec4 v0xaaaae8fb7dd0_0, 0, 32;
    %pushi/vec4 0, 0, 32;
    %store/vec4 v0xaaaae8fb9030_0, 0, 32;
    %pushi/vec4 0, 0, 2;
    %store/vec4 v0xaaaae8fb8e70_0, 0, 2;
    %load/vec4 v0xaaaae8fb8070_0;
    %cmpi/e 0, 0, 32;
    %jmp/0xz  T_5.55, 4;
    %pushi/vec4 8, 0, 4;
    %store/vec4 v0xaaaae8fb9990_0, 0, 4;
    %jmp T_5.56;
T_5.55 ;
    %pushi/vec4 2, 0, 4;
    %store/vec4 v0xaaaae8fb9990_0, 0, 4;
T_5.56 ;
T_5.52 ;
    %jmp T_5.10;
T_5.9 ;
    %pushi/vec4 1, 0, 1;
    %store/vec4 v0xaaaae8fb7be0_0, 0, 1;
    %load/vec4 v0xaaaae8fb8150_0;
    %flag_set/vec4 8;
    %jmp/0xz  T_5.57, 8;
    %pushi/vec4 1, 0, 1;
    %store/vec4 v0xaaaae8fb8210_0, 0, 1;
T_5.57 ;
    %load/vec4 v0xaaaae8fb98d0_0;
    %nor/r;
    %flag_set/vec4 8;
    %jmp/0xz  T_5.59, 8;
    %pushi/vec4 0, 0, 4;
    %store/vec4 v0xaaaae8fb9990_0, 0, 4;
T_5.59 ;
    %jmp T_5.10;
T_5.10 ;
    %pop/vec4 1;
    %jmp T_5;
    .thread T_5, $push;
    .scope S_0xaaaae8fb6ed0;
T_6 ;
    %wait E_0xaaaae8efcba0;
    %load/vec4 v0xaaaae8fb92d0_0;
    %nor/r;
    %flag_set/vec4 8;
    %jmp/0xz  T_6.0, 8;
    %pushi/vec4 0, 0, 4;
    %assign/vec4 v0xaaaae8fb9a70_0, 0;
    %pushi/vec4 0, 0, 32;
    %assign/vec4 v0xaaaae8fb8070_0, 0;
    %pushi/vec4 0, 0, 32;
    %assign/vec4 v0xaaaae8fb97f0_0, 0;
    %pushi/vec4 0, 0, 32;
    %assign/vec4 v0xaaaae8fb7eb0_0, 0;
    %pushi/vec4 0, 0, 32;
    %assign/vec4 v0xaaaae8fb9550_0, 0;
    %pushi/vec4 0, 0, 32;
    %assign/vec4 v0xaaaae8fba090_0, 0;
    %pushi/vec4 0, 0, 32;
    %assign/vec4 v0xaaaae8fb91f0_0, 0;
    %pushi/vec4 0, 0, 2;
    %assign/vec4 v0xaaaae8fb8f50_0, 0;
    %pushi/vec4 0, 0, 16;
    %assign/vec4 v0xaaaae8fb8d90_0, 0;
    %pushi/vec4 0, 0, 16;
    %assign/vec4 v0xaaaae8fb8490_0, 0;
    %pushi/vec4 0, 0, 16;
    %assign/vec4 v0xaaaae8fb9b50_0, 0;
    %pushi/vec4 0, 0, 16;
    %assign/vec4 v0xaaaae8fb9d10_0, 0;
    %jmp T_6.1;
T_6.0 ;
    %load/vec4 v0xaaaae8fb9990_0;
    %assign/vec4 v0xaaaae8fb9a70_0, 0;
    %load/vec4 v0xaaaae8fb7f90_0;
    %assign/vec4 v0xaaaae8fb8070_0, 0;
    %load/vec4 v0xaaaae8fb9710_0;
    %assign/vec4 v0xaaaae8fb97f0_0, 0;
    %load/vec4 v0xaaaae8fb7dd0_0;
    %assign/vec4 v0xaaaae8fb7eb0_0, 0;
    %load/vec4 v0xaaaae8fb9390_0;
    %assign/vec4 v0xaaaae8fb9550_0, 0;
    %load/vec4 v0xaaaae8fb9ed0_0;
    %assign/vec4 v0xaaaae8fba090_0, 0;
    %load/vec4 v0xaaaae8fb8cb0_0;
    %assign/vec4 v0xaaaae8fb8d90_0, 0;
    %load/vec4 v0xaaaae8fb83b0_0;
    %assign/vec4 v0xaaaae8fb8490_0, 0;
    %load/vec4 v0xaaaae8fb9030_0;
    %assign/vec4 v0xaaaae8fb91f0_0, 0;
    %load/vec4 v0xaaaae8fb8e70_0;
    %assign/vec4 v0xaaaae8fb8f50_0, 0;
    %load/vec4 v0xaaaae8fb9b50_0;
    %assign/vec4 v0xaaaae8fb9b50_0, 0;
    %load/vec4 v0xaaaae8fb9d10_0;
    %assign/vec4 v0xaaaae8fb9d10_0, 0;
T_6.1 ;
    %jmp T_6;
    .thread T_6;
    .scope S_0xaaaae8f17650;
T_7 ;
    %pushi/vec4 0, 0, 1;
    %store/vec4 v0xaaaae8fbbcf0_0, 0, 1;
T_7.0 ;
    %delay 5000, 0;
    %load/vec4 v0xaaaae8fbbcf0_0;
    %inv;
    %store/vec4 v0xaaaae8fbbcf0_0, 0, 1;
    %jmp T_7.0;
T_7.1 ;
    %end;
    .thread T_7;
    .scope S_0xaaaae8f17650;
T_8 ;
    %wait E_0xaaaae8efcba0;
    %load/vec4 v0xaaaae8fbd4b0_0;
    %nor/r;
    %flag_set/vec4 8;
    %jmp/0xz  T_8.0, 8;
    %pushi/vec4 0, 0, 1;
    %assign/vec4 v0xaaaae8fbcb90_0, 0;
    %pushi/vec4 0, 0, 1;
    %assign/vec4 v0xaaaae8fbcf60_0, 0;
    %pushi/vec4 0, 0, 32;
    %assign/vec4 v0xaaaae8fbcc60_0, 0;
    %pushi/vec4 0, 0, 1;
    %assign/vec4 v0xaaaae8fbd3f0_0, 0;
    %pushi/vec4 0, 0, 32;
    %assign/vec4 v0xaaaae8fbd310_0, 0;
    %jmp T_8.1;
T_8.0 ;
    %pushi/vec4 0, 0, 1;
    %assign/vec4 v0xaaaae8fbcb90_0, 0;
    %pushi/vec4 0, 0, 1;
    %assign/vec4 v0xaaaae8fbcf60_0, 0;
    %load/vec4 v0xaaaae8fbce90_0;
    %flag_set/vec4 8;
    %jmp/0xz  T_8.2, 8;
    %pushi/vec4 1, 0, 1;
    %assign/vec4 v0xaaaae8fbcb90_0, 0;
    %load/vec4 v0xaaaae8fbd100_0;
    %flag_set/vec4 8;
    %jmp/0xz  T_8.4, 8;
    %load/vec4 v0xaaaae8fbd030_0;
    %load/vec4 v0xaaaae8fbc900_0;
    %parti/s 10, 2, 3;
    %ix/vec4 3;
    %ix/load 4, 0, 0; Constant delay
    %assign/vec4/a/d v0xaaaae8fbc840, 0, 4;
    %jmp T_8.5;
T_8.4 ;
    %pushi/vec4 1, 0, 1;
    %assign/vec4 v0xaaaae8fbd3f0_0, 0;
    %load/vec4 v0xaaaae8fbc900_0;
    %assign/vec4 v0xaaaae8fbd310_0, 0;
T_8.5 ;
T_8.2 ;
    %load/vec4 v0xaaaae8fbd3f0_0;
    %flag_set/vec4 8;
    %jmp/0xz  T_8.6, 8;
    %pushi/vec4 1, 0, 1;
    %assign/vec4 v0xaaaae8fbcf60_0, 0;
    %load/vec4 v0xaaaae8fbd310_0;
    %parti/s 10, 2, 3;
    %ix/vec4 4;
    %load/vec4a v0xaaaae8fbc840, 4;
    %assign/vec4 v0xaaaae8fbcc60_0, 0;
    %pushi/vec4 0, 0, 1;
    %assign/vec4 v0xaaaae8fbd3f0_0, 0;
T_8.6 ;
T_8.1 ;
    %jmp T_8;
    .thread T_8;
    .scope S_0xaaaae8f17650;
T_9 ;
    %pushi/vec4 0, 0, 32;
    %store/vec4 v0xaaaae8fbda00_0, 0, 32;
    %pushi/vec4 0, 0, 32;
    %store/vec4 v0xaaaae8fbc050_0, 0, 32;
    %vpi_call/w 3 569 "$display", "\012========================================" {0 0 0};
    %vpi_call/w 3 570 "$display", "KV Compressor Core Testbench" {0 0 0};
    %vpi_call/w 3 571 "$display", "========================================" {0 0 0};
    %vpi_call/w 3 572 "$display", "CLK Period: %0d ns", P_0xaaaae8f97e90 {0 0 0};
    %vpi_call/w 3 573 "$display", "Memory size: %0d words (32-bit)", P_0xaaaae8f97ed0 {0 0 0};
    %vpi_call/w 3 574 "$display", "========================================\012" {0 0 0};
    %alloc S_0xaaaae8fbaf60;
    %pushi/vec4 0, 0, 32;
    %store/vec4 v0xaaaae8fbba90_0, 0, 32;
    %fork TD_kvcompressor_core_tb.run_single_test, S_0xaaaae8fbaf60;
    %join;
    %free S_0xaaaae8fbaf60;
    %alloc S_0xaaaae8fbaf60;
    %pushi/vec4 1, 0, 32;
    %store/vec4 v0xaaaae8fbba90_0, 0, 32;
    %fork TD_kvcompressor_core_tb.run_single_test, S_0xaaaae8fbaf60;
    %join;
    %free S_0xaaaae8fbaf60;
    %alloc S_0xaaaae8fbaf60;
    %pushi/vec4 2, 0, 32;
    %store/vec4 v0xaaaae8fbba90_0, 0, 32;
    %fork TD_kvcompressor_core_tb.run_single_test, S_0xaaaae8fbaf60;
    %join;
    %free S_0xaaaae8fbaf60;
    %alloc S_0xaaaae8fbaf60;
    %pushi/vec4 3, 0, 32;
    %store/vec4 v0xaaaae8fbba90_0, 0, 32;
    %fork TD_kvcompressor_core_tb.run_single_test, S_0xaaaae8fbaf60;
    %join;
    %free S_0xaaaae8fbaf60;
    %alloc S_0xaaaae8fbaf60;
    %pushi/vec4 4, 0, 32;
    %store/vec4 v0xaaaae8fbba90_0, 0, 32;
    %fork TD_kvcompressor_core_tb.run_single_test, S_0xaaaae8fbaf60;
    %join;
    %free S_0xaaaae8fbaf60;
    %alloc S_0xaaaae8fbaf60;
    %pushi/vec4 5, 0, 32;
    %store/vec4 v0xaaaae8fbba90_0, 0, 32;
    %fork TD_kvcompressor_core_tb.run_single_test, S_0xaaaae8fbaf60;
    %join;
    %free S_0xaaaae8fbaf60;
    %alloc S_0xaaaae8fbaf60;
    %pushi/vec4 6, 0, 32;
    %store/vec4 v0xaaaae8fbba90_0, 0, 32;
    %fork TD_kvcompressor_core_tb.run_single_test, S_0xaaaae8fbaf60;
    %join;
    %free S_0xaaaae8fbaf60;
    %alloc S_0xaaaae8fbaf60;
    %pushi/vec4 7, 0, 32;
    %store/vec4 v0xaaaae8fbba90_0, 0, 32;
    %fork TD_kvcompressor_core_tb.run_single_test, S_0xaaaae8fbaf60;
    %join;
    %free S_0xaaaae8fbaf60;
    %alloc S_0xaaaae8fbaf60;
    %pushi/vec4 8, 0, 32;
    %store/vec4 v0xaaaae8fbba90_0, 0, 32;
    %fork TD_kvcompressor_core_tb.run_single_test, S_0xaaaae8fbaf60;
    %join;
    %free S_0xaaaae8fbaf60;
    %alloc S_0xaaaae8fbaf60;
    %pushi/vec4 9, 0, 32;
    %store/vec4 v0xaaaae8fbba90_0, 0, 32;
    %fork TD_kvcompressor_core_tb.run_single_test, S_0xaaaae8fbaf60;
    %join;
    %free S_0xaaaae8fbaf60;
    %vpi_call/w 3 592 "$display", "\012========================================" {0 0 0};
    %vpi_call/w 3 593 "$display", "KV Compressor Test Summary" {0 0 0};
    %vpi_call/w 3 594 "$display", "========================================" {0 0 0};
    %vpi_call/w 3 595 "$display", "Total tests: %0d", v0xaaaae8fbda00_0 {0 0 0};
    %vpi_call/w 3 596 "$display", "Errors:      %0d", v0xaaaae8fbc050_0 {0 0 0};
    %load/vec4 v0xaaaae8fbda00_0;
    %cmpi/s 0, 0, 32;
    %flag_or 5, 4; GT is !LE
    %flag_inv 5;
    %jmp/0xz  T_9.0, 5;
    %pushi/real 1677721600, 4072; load=100.000
    %load/vec4 v0xaaaae8fbda00_0;
    %load/vec4 v0xaaaae8fbc050_0;
    %sub;
    %cvt/rv/s;
    %mul/wr;
    %load/vec4 v0xaaaae8fbda00_0;
    %cvt/rv/s;
    %div/wr;
    %store/real v0xaaaae8fbd270_0;
    %vpi_call/w 3 599 "$display", "Pass rate:   %0.2f%%", v0xaaaae8fbd270_0 {0 0 0};
T_9.0 ;
    %load/vec4 v0xaaaae8fbc050_0;
    %cmpi/e 0, 0, 32;
    %jmp/0xz  T_9.2, 4;
    %vpi_call/w 3 603 "$display", "\012*** ALL TESTS PASSED ***\012" {0 0 0};
    %jmp T_9.3;
T_9.2 ;
    %vpi_call/w 3 605 "$display", "\012*** %0d TESTS FAILED ***\012", v0xaaaae8fbc050_0 {0 0 0};
T_9.3 ;
    %vpi_call/w 3 608 "$display", "========================================\012" {0 0 0};
    %delay 100000, 0;
    %vpi_call/w 3 611 "$finish" {0 0 0};
    %end;
    .thread T_9;
    .scope S_0xaaaae8f17650;
T_10 ;
    %delay 1000000000, 0;
    %vpi_call/w 3 619 "$display", "\012*** ERROR: Simulation timeout in kvcompressor_core_tb ***\012" {0 0 0};
    %vpi_call/w 3 620 "$finish" {0 0 0};
    %end;
    .thread T_10;
    .scope S_0xaaaae8f17650;
T_11 ;
    %vpi_call/w 3 627 "$dumpfile", "kvcompressor_core_tb.vcd" {0 0 0};
    %vpi_call/w 3 628 "$dumpvars", 32'sb00000000000000000000000000000000, S_0xaaaae8f17650 {0 0 0};
    %end;
    .thread T_11;
    .scope S_0xaaaae8f17650;
T_12 ;
    %wait E_0xaaaae8efcc60;
    %load/vec4 v0xaaaae8fbd4b0_0;
    %flag_set/vec4 8;
    %jmp/0xz  T_12.0, 8;
    ; show_stmt_assign_vector: Get l-value for compressed += operand
    %load/vec4 v0xaaaae8fbbdf0_0;
    %pushi/vec4 1, 0, 32;
    %add;
    %cast2;
    %store/vec4 v0xaaaae8fbbdf0_0, 0, 32;
    %load/vec4 v0xaaaae8fbce90_0;
    %flag_set/vec4 9;
    %flag_get/vec4 9;
    %jmp/0 T_12.4, 9;
    %load/vec4 v0xaaaae8fbd100_0;
    %nor/r;
    %and;
T_12.4;
    %flag_set/vec4 8;
    %jmp/0xz  T_12.2, 8;
    ; show_stmt_assign_vector: Get l-value for compressed += operand
    %load/vec4 v0xaaaae8fbcd30_0;
    %pushi/vec4 1, 0, 32;
    %add;
    %cast2;
    %store/vec4 v0xaaaae8fbcd30_0, 0, 32;
T_12.2 ;
    %load/vec4 v0xaaaae8fbce90_0;
    %flag_set/vec4 9;
    %flag_get/vec4 9;
    %jmp/0 T_12.7, 9;
    %load/vec4 v0xaaaae8fbd100_0;
    %and;
T_12.7;
    %flag_set/vec4 8;
    %jmp/0xz  T_12.5, 8;
    ; show_stmt_assign_vector: Get l-value for compressed += operand
    %load/vec4 v0xaaaae8fbd1d0_0;
    %pushi/vec4 1, 0, 32;
    %add;
    %cast2;
    %store/vec4 v0xaaaae8fbd1d0_0, 0, 32;
T_12.5 ;
    %load/vec4 v0xaaaae8fbcf60_0;
    %flag_set/vec4 8;
    %jmp/0xz  T_12.8, 8;
    ; show_stmt_assign_vector: Get l-value for compressed += operand
    %load/vec4 v0xaaaae8fbcdd0_0;
    %pushi/vec4 1, 0, 32;
    %add;
    %cast2;
    %store/vec4 v0xaaaae8fbcdd0_0, 0, 32;
T_12.8 ;
T_12.0 ;
    %jmp T_12;
    .thread T_12;
# The file index is used to find the file name in the following table.
:file_names 5;
    "N/A";
    "<interactive>";
    "-";
    "kvcompressor_core_tb.sv";
    "kvcompressor_core.sv";
